2025-11-11 23:08:22 [INFO] app_logger, logger.py: Logger initialized.
2025-11-11 23:08:22 [INFO] app_logger, config_loader.py: Configuration loaded from C:\Yilmaz\Projects\tubitak-gunes\.env
2025-11-11 23:10:26 [INFO] app_logger, logger.py: Logger initialized.
2025-11-11 23:10:26 [INFO] app_logger, config_loader.py: Configuration loaded from C:\Yilmaz\Projects\tubitak-gunes\.env
2025-11-11 23:10:46 [INFO] app_logger, pvgis_plus_router.py: Calculating day average for 04/15 at (38.447, 27.149)
2025-11-11 23:10:46 [INFO] app_logger, pvgis.py: Fetching PVGIS data for lat=38.447, lon=27.149
2025-11-11 23:10:46 [INFO] app_logger, pvgis.py: Requesting PVGIS seriescalc with params: {'lat': 38.447, 'lon': 27.149, 'startyear': 2005, 'endyear': 2020, 'angle': 90, 'aspect': 0, 'outputformat': 'json', 'browser': '0'}
2025-11-11 23:11:02 [INFO] app_logger, pvgis.py: Successfully fetched 140256 hourly records
2025-11-11 23:11:02 [INFO] app_logger, pvgis_plus.py: Filtering data for month=4, day=15
2025-11-11 23:11:02 [INFO] app_logger, pvgis_plus.py: Found data for 16 years: [2005, 2006, 2007, 2008, 2009, 2010, 2011, 2012, 2013, 2014, 2015, 2016, 2017, 2018, 2019, 2020]
2025-11-11 23:11:02 [INFO] app_logger, pvgis_plus.py: Calculated averages: peak at hour 10 with 499.75 W/m², daily total: 3577.55 Wh/m²
2025-11-11 23:11:02 [INFO] app_logger, pvgis_plus_router.py: Successfully calculated averages for 16 years. Peak: 499.75 W/m² at hour 10
2025-11-11 23:12:55 [INFO] app_logger, logger.py: Logger initialized.
2025-11-11 23:12:55 [INFO] app_logger, config_loader.py: Configuration loaded from C:\Yilmaz\Projects\tubitak-gunes\.env
2025-11-11 23:13:13 [INFO] app_logger, pvgis_router.py: PVcalc request for (-90.0, -180.0), power=1.0kW
2025-11-11 23:13:13 [INFO] app_logger, pvgis.py: Requesting PVGIS PVcalc with params: {'lat': -90.0, 'lon': -180.0, 'peakpower': 1.0, 'loss': 100.0, 'raddatabase': <RadiationDatabase.SARAH3: 'PVGIS-SARAH3'>, 'pvtechchoice': <PVTechnology.CRYSTSI: 'crystSi'>, 'mountingplace': <MountingPlace.FREE: 'free'>, 'fixed': 1, 'angle': 0.0, 'aspect': 0.0, 'optimalinclination': 0, 'optimalangles': 0, 'inclined_axis': 0, 'inclined_optimum': 0, 'inclinedaxisangle': 0.0, 'vertical_axis': 0, 'vertical_optimum': 0, 'verticalaxisangle': 0.0, 'twoaxis': 0, 'usehorizon': 1, 'userhorizon': 'string', 'pvprice': 0, 'systemcost': 0.0, 'interest': 0.0, 'lifetime': 25, 'startyear': 2005, 'endyear': 2005, 'outputformat': <OutputFormat.JSON: 'json'>, 'browser': 0}
2025-11-11 23:13:14 [ERROR] app_logger, pvgis_router.py: Runtime error in PVcalc: Error in PVcalc: HTTP error from PVGIS API: 400 Client Error: BAD REQUEST for url: https://re.jrc.ec.europa.eu/api/v5_2/PVcalc?lat=-90.0&lon=-180.0&peakpower=1.0&loss=100.0&raddatabase=PVGIS-SARAH3&pvtechchoice=crystSi&mountingplace=free&fixed=1&angle=0.0&aspect=0.0&optimalinclination=0&optimalangles=0&inclined_axis=0&inclined_optimum=0&inclinedaxisangle=0.0&vertical_axis=0&vertical_optimum=0&verticalaxisangle=0.0&twoaxis=0&usehorizon=1&userhorizon=string&pvprice=0&systemcost=0.0&interest=0.0&lifetime=25&startyear=2005&endyear=2005&outputformat=json&browser=0
Traceback (most recent call last):
  File "C:\Yilmaz\Projects\tubitak-gunes\api\app\services\pvgis.py", line 41, in _make_request
    response.raise_for_status()
    ~~~~~~~~~~~~~~~~~~~~~~~~~^^
  File "C:\Yilmaz\Projects\tubitak-gunes\.venv\Lib\site-packages\requests\models.py", line 1021, in raise_for_status
    raise HTTPError(http_error_msg, response=self)
requests.exceptions.HTTPError: 400 Client Error: BAD REQUEST for url: https://re.jrc.ec.europa.eu/api/v5_2/PVcalc?lat=-90.0&lon=-180.0&peakpower=1.0&loss=100.0&raddatabase=PVGIS-SARAH3&pvtechchoice=crystSi&mountingplace=free&fixed=1&angle=0.0&aspect=0.0&optimalinclination=0&optimalangles=0&inclined_axis=0&inclined_optimum=0&inclinedaxisangle=0.0&vertical_axis=0&vertical_optimum=0&verticalaxisangle=0.0&twoaxis=0&usehorizon=1&userhorizon=string&pvprice=0&systemcost=0.0&interest=0.0&lifetime=25&startyear=2005&endyear=2005&outputformat=json&browser=0

The above exception was the direct cause of the following exception:

Traceback (most recent call last):
  File "C:\Yilmaz\Projects\tubitak-gunes\api\app\services\pvgis.py", line 80, in pvcalc
    return PVGISService._make_request("PVcalc", params)
           ~~~~~~~~~~~~~~~~~~~~~~~~~~^^^^^^^^^^^^^^^^^^
  File "C:\Yilmaz\Projects\tubitak-gunes\api\app\services\pvgis.py", line 60, in _make_request
    raise RuntimeError(f"HTTP error from PVGIS API: {str(e)}") from e
RuntimeError: HTTP error from PVGIS API: 400 Client Error: BAD REQUEST for url: https://re.jrc.ec.europa.eu/api/v5_2/PVcalc?lat=-90.0&lon=-180.0&peakpower=1.0&loss=100.0&raddatabase=PVGIS-SARAH3&pvtechchoice=crystSi&mountingplace=free&fixed=1&angle=0.0&aspect=0.0&optimalinclination=0&optimalangles=0&inclined_axis=0&inclined_optimum=0&inclinedaxisangle=0.0&vertical_axis=0&vertical_optimum=0&verticalaxisangle=0.0&twoaxis=0&usehorizon=1&userhorizon=string&pvprice=0&systemcost=0.0&interest=0.0&lifetime=25&startyear=2005&endyear=2005&outputformat=json&browser=0

The above exception was the direct cause of the following exception:

Traceback (most recent call last):
  File "C:\Yilmaz\Projects\tubitak-gunes\api\app\routers\pvgis_router.py", line 29, in pv_calculator
    result = PVGISService.pvcalc(request)
  File "C:\Yilmaz\Projects\tubitak-gunes\api\app\services\pvgis.py", line 83, in pvcalc
    raise RuntimeError(f"Error in PVcalc: {str(e)}") from e
RuntimeError: Error in PVcalc: HTTP error from PVGIS API: 400 Client Error: BAD REQUEST for url: https://re.jrc.ec.europa.eu/api/v5_2/PVcalc?lat=-90.0&lon=-180.0&peakpower=1.0&loss=100.0&raddatabase=PVGIS-SARAH3&pvtechchoice=crystSi&mountingplace=free&fixed=1&angle=0.0&aspect=0.0&optimalinclination=0&optimalangles=0&inclined_axis=0&inclined_optimum=0&inclinedaxisangle=0.0&vertical_axis=0&vertical_optimum=0&verticalaxisangle=0.0&twoaxis=0&usehorizon=1&userhorizon=string&pvprice=0&systemcost=0.0&interest=0.0&lifetime=25&startyear=2005&endyear=2005&outputformat=json&browser=0
2025-11-11 23:13:37 [INFO] app_logger, pvgis_router.py: MRcalc request for (-90.0, -180.0)
2025-11-11 23:13:37 [INFO] app_logger, pvgis.py: Requesting PVGIS MRcalc with params: {'lat': -90.0, 'lon': -180.0, 'raddatabase': <RadiationDatabase.SARAH3: 'PVGIS-SARAH3'>, 'startyear': 2005, 'endyear': 2005, 'horirrad': 0, 'optrad': 0, 'selectrad': 0, 'angle': 0.0, 'mr_dni': 0, 'd2g': 0, 'avtemp': 0, 'usehorizon': 1, 'userhorizon': 'string', 'outputformat': <OutputFormat.JSON: 'json'>, 'browser': 0}
2025-11-11 23:13:38 [ERROR] app_logger, pvgis_router.py: Runtime error in MRcalc: Error in MRcalc: HTTP error from PVGIS API: 400 Client Error: BAD REQUEST for url: https://re.jrc.ec.europa.eu/api/v5_2/MRcalc?lat=-90.0&lon=-180.0&raddatabase=PVGIS-SARAH3&startyear=2005&endyear=2005&horirrad=0&optrad=0&selectrad=0&angle=0.0&mr_dni=0&d2g=0&avtemp=0&usehorizon=1&userhorizon=string&outputformat=json&browser=0
Traceback (most recent call last):
  File "C:\Yilmaz\Projects\tubitak-gunes\api\app\services\pvgis.py", line 41, in _make_request
    response.raise_for_status()
    ~~~~~~~~~~~~~~~~~~~~~~~~~^^
  File "C:\Yilmaz\Projects\tubitak-gunes\.venv\Lib\site-packages\requests\models.py", line 1021, in raise_for_status
    raise HTTPError(http_error_msg, response=self)
requests.exceptions.HTTPError: 400 Client Error: BAD REQUEST for url: https://re.jrc.ec.europa.eu/api/v5_2/MRcalc?lat=-90.0&lon=-180.0&raddatabase=PVGIS-SARAH3&startyear=2005&endyear=2005&horirrad=0&optrad=0&selectrad=0&angle=0.0&mr_dni=0&d2g=0&avtemp=0&usehorizon=1&userhorizon=string&outputformat=json&browser=0

The above exception was the direct cause of the following exception:

Traceback (most recent call last):
  File "C:\Yilmaz\Projects\tubitak-gunes\api\app\services\pvgis.py", line 107, in mrcalc
    return PVGISService._make_request("MRcalc", params)
           ~~~~~~~~~~~~~~~~~~~~~~~~~~^^^^^^^^^^^^^^^^^^
  File "C:\Yilmaz\Projects\tubitak-gunes\api\app\services\pvgis.py", line 60, in _make_request
    raise RuntimeError(f"HTTP error from PVGIS API: {str(e)}") from e
RuntimeError: HTTP error from PVGIS API: 400 Client Error: BAD REQUEST for url: https://re.jrc.ec.europa.eu/api/v5_2/MRcalc?lat=-90.0&lon=-180.0&raddatabase=PVGIS-SARAH3&startyear=2005&endyear=2005&horirrad=0&optrad=0&selectrad=0&angle=0.0&mr_dni=0&d2g=0&avtemp=0&usehorizon=1&userhorizon=string&outputformat=json&browser=0

The above exception was the direct cause of the following exception:

Traceback (most recent call last):
  File "C:\Yilmaz\Projects\tubitak-gunes\api\app\routers\pvgis_router.py", line 97, in monthly_radiation
    result = PVGISService.mrcalc(request)
  File "C:\Yilmaz\Projects\tubitak-gunes\api\app\services\pvgis.py", line 110, in mrcalc
    raise RuntimeError(f"Error in MRcalc: {str(e)}") from e
RuntimeError: Error in MRcalc: HTTP error from PVGIS API: 400 Client Error: BAD REQUEST for url: https://re.jrc.ec.europa.eu/api/v5_2/MRcalc?lat=-90.0&lon=-180.0&raddatabase=PVGIS-SARAH3&startyear=2005&endyear=2005&horirrad=0&optrad=0&selectrad=0&angle=0.0&mr_dni=0&d2g=0&avtemp=0&usehorizon=1&userhorizon=string&outputformat=json&browser=0
2025-11-11 23:13:53 [INFO] app_logger, pvgis_router.py: Seriescalc request for (-90.0, -180.0), years=2005-2005
2025-11-11 23:13:53 [INFO] app_logger, pvgis.py: Requesting PVGIS seriescalc with params: {'lat': -90.0, 'lon': -180.0, 'raddatabase': <RadiationDatabase.SARAH3: 'PVGIS-SARAH3'>, 'startyear': 2005, 'endyear': 2005, 'pvcalculation': 0, 'peakpower': 0.0, 'pvtechchoice': <PVTechnology.CRYSTSI: 'crystSi'>, 'mountingplace': <MountingPlace.FREE: 'free'>, 'loss': 0.0, 'trackingtype': <TrackingType.FIXED: 0>, 'angle': 0.0, 'aspect': 0.0, 'optimalinclination': 0, 'optimalangles': 0, 'components': 0, 'usehorizon': 1, 'userhorizon': 'string', 'outputformat': <OutputFormat.JSON: 'json'>, 'browser': 0}
2025-11-11 23:13:54 [ERROR] app_logger, pvgis_router.py: Runtime error in Seriescalc: Error in seriescalc: HTTP error from PVGIS API: 400 Client Error: BAD REQUEST for url: https://re.jrc.ec.europa.eu/api/v5_2/seriescalc?lat=-90.0&lon=-180.0&raddatabase=PVGIS-SARAH3&startyear=2005&endyear=2005&pvcalculation=0&peakpower=0.0&pvtechchoice=crystSi&mountingplace=free&loss=0.0&trackingtype=TrackingType.FIXED&angle=0.0&aspect=0.0&optimalinclination=0&optimalangles=0&components=0&usehorizon=1&userhorizon=string&outputformat=json&browser=0
Traceback (most recent call last):
  File "C:\Yilmaz\Projects\tubitak-gunes\api\app\services\pvgis.py", line 41, in _make_request
    response.raise_for_status()
    ~~~~~~~~~~~~~~~~~~~~~~~~~^^
  File "C:\Yilmaz\Projects\tubitak-gunes\.venv\Lib\site-packages\requests\models.py", line 1021, in raise_for_status
    raise HTTPError(http_error_msg, response=self)
requests.exceptions.HTTPError: 400 Client Error: BAD REQUEST for url: https://re.jrc.ec.europa.eu/api/v5_2/seriescalc?lat=-90.0&lon=-180.0&raddatabase=PVGIS-SARAH3&startyear=2005&endyear=2005&pvcalculation=0&peakpower=0.0&pvtechchoice=crystSi&mountingplace=free&loss=0.0&trackingtype=TrackingType.FIXED&angle=0.0&aspect=0.0&optimalinclination=0&optimalangles=0&components=0&usehorizon=1&userhorizon=string&outputformat=json&browser=0

The above exception was the direct cause of the following exception:

Traceback (most recent call last):
  File "C:\Yilmaz\Projects\tubitak-gunes\api\app\services\pvgis.py", line 138, in seriescalc
    return PVGISService._make_request("seriescalc", params)
           ~~~~~~~~~~~~~~~~~~~~~~~~~~^^^^^^^^^^^^^^^^^^^^^^
  File "C:\Yilmaz\Projects\tubitak-gunes\api\app\services\pvgis.py", line 60, in _make_request
    raise RuntimeError(f"HTTP error from PVGIS API: {str(e)}") from e
RuntimeError: HTTP error from PVGIS API: 400 Client Error: BAD REQUEST for url: https://re.jrc.ec.europa.eu/api/v5_2/seriescalc?lat=-90.0&lon=-180.0&raddatabase=PVGIS-SARAH3&startyear=2005&endyear=2005&pvcalculation=0&peakpower=0.0&pvtechchoice=crystSi&mountingplace=free&loss=0.0&trackingtype=TrackingType.FIXED&angle=0.0&aspect=0.0&optimalinclination=0&optimalangles=0&components=0&usehorizon=1&userhorizon=string&outputformat=json&browser=0

The above exception was the direct cause of the following exception:

Traceback (most recent call last):
  File "C:\Yilmaz\Projects\tubitak-gunes\api\app\routers\pvgis_router.py", line 167, in hourly_time_series
    result = PVGISService.seriescalc(request)
  File "C:\Yilmaz\Projects\tubitak-gunes\api\app\services\pvgis.py", line 141, in seriescalc
    raise RuntimeError(f"Error in seriescalc: {str(e)}") from e
RuntimeError: Error in seriescalc: HTTP error from PVGIS API: 400 Client Error: BAD REQUEST for url: https://re.jrc.ec.europa.eu/api/v5_2/seriescalc?lat=-90.0&lon=-180.0&raddatabase=PVGIS-SARAH3&startyear=2005&endyear=2005&pvcalculation=0&peakpower=0.0&pvtechchoice=crystSi&mountingplace=free&loss=0.0&trackingtype=TrackingType.FIXED&angle=0.0&aspect=0.0&optimalinclination=0&optimalangles=0&components=0&usehorizon=1&userhorizon=string&outputformat=json&browser=0
2025-11-11 23:14:18 [INFO] app_logger, pvgis_router.py: Horizon request for (-90.0, -180.0)
2025-11-11 23:14:18 [INFO] app_logger, pvgis.py: Requesting PVGIS printhorizon with params: {'lat': -90.0, 'lon': -180.0, 'userhorizon': 'string', 'outputformat': <OutputFormat.JSON: 'json'>, 'browser': 0}
2025-11-11 23:14:19 [ERROR] app_logger, pvgis_router.py: Runtime error in Horizon: Error in printhorizon: HTTP error from PVGIS API: 400 Client Error: BAD REQUEST for url: https://re.jrc.ec.europa.eu/api/v5_2/printhorizon?lat=-90.0&lon=-180.0&userhorizon=string&outputformat=json&browser=0
Traceback (most recent call last):
  File "C:\Yilmaz\Projects\tubitak-gunes\api\app\services\pvgis.py", line 41, in _make_request
    response.raise_for_status()
    ~~~~~~~~~~~~~~~~~~~~~~~~~^^
  File "C:\Yilmaz\Projects\tubitak-gunes\.venv\Lib\site-packages\requests\models.py", line 1021, in raise_for_status
    raise HTTPError(http_error_msg, response=self)
requests.exceptions.HTTPError: 400 Client Error: BAD REQUEST for url: https://re.jrc.ec.europa.eu/api/v5_2/printhorizon?lat=-90.0&lon=-180.0&userhorizon=string&outputformat=json&browser=0

The above exception was the direct cause of the following exception:

Traceback (most recent call last):
  File "C:\Yilmaz\Projects\tubitak-gunes\api\app\services\pvgis.py", line 166, in printhorizon
    return PVGISService._make_request("printhorizon", params)
           ~~~~~~~~~~~~~~~~~~~~~~~~~~^^^^^^^^^^^^^^^^^^^^^^^^
  File "C:\Yilmaz\Projects\tubitak-gunes\api\app\services\pvgis.py", line 60, in _make_request
    raise RuntimeError(f"HTTP error from PVGIS API: {str(e)}") from e
RuntimeError: HTTP error from PVGIS API: 400 Client Error: BAD REQUEST for url: https://re.jrc.ec.europa.eu/api/v5_2/printhorizon?lat=-90.0&lon=-180.0&userhorizon=string&outputformat=json&browser=0

The above exception was the direct cause of the following exception:

Traceback (most recent call last):
  File "C:\Yilmaz\Projects\tubitak-gunes\api\app\routers\pvgis_router.py", line 237, in horizon_profile
    result = PVGISService.printhorizon(request)
  File "C:\Yilmaz\Projects\tubitak-gunes\api\app\services\pvgis.py", line 169, in printhorizon
    raise RuntimeError(f"Error in printhorizon: {str(e)}") from e
RuntimeError: Error in printhorizon: HTTP error from PVGIS API: 400 Client Error: BAD REQUEST for url: https://re.jrc.ec.europa.eu/api/v5_2/printhorizon?lat=-90.0&lon=-180.0&userhorizon=string&outputformat=json&browser=0
2025-11-11 23:15:06 [INFO] app_logger, pvgis_plus_router.py: Calculating day average for 04/15 at (38.447, 27.149)
2025-11-11 23:15:06 [INFO] app_logger, pvgis.py: Fetching PVGIS data for lat=38.447, lon=27.149
2025-11-11 23:15:06 [INFO] app_logger, pvgis.py: Requesting PVGIS seriescalc with params: {'lat': 38.447, 'lon': 27.149, 'startyear': 2005, 'endyear': 2020, 'angle': 90, 'aspect': 0, 'outputformat': 'json', 'browser': '0'}
2025-11-11 23:15:18 [INFO] app_logger, pvgis.py: Successfully fetched 140256 hourly records
2025-11-11 23:15:18 [INFO] app_logger, pvgis_plus.py: Filtering data for month=4, day=15
2025-11-11 23:15:18 [INFO] app_logger, pvgis_plus.py: Found data for 16 years: [2005, 2006, 2007, 2008, 2009, 2010, 2011, 2012, 2013, 2014, 2015, 2016, 2017, 2018, 2019, 2020]
2025-11-11 23:15:18 [INFO] app_logger, pvgis_plus.py: Calculated averages: peak at hour 10 with 499.75 W/m², daily total: 3577.55 Wh/m²
2025-11-11 23:15:18 [INFO] app_logger, pvgis_plus_router.py: Successfully calculated averages for 16 years. Peak: 499.75 W/m² at hour 10
2025-11-11 23:15:19 [INFO] app_logger, logger.py: Logger initialized.
2025-11-11 23:15:19 [INFO] app_logger, config_loader.py: Configuration loaded from C:\Yilmaz\Projects\tubitak-gunes\.env
2025-11-11 23:15:20 [INFO] app_logger, logger.py: Logger initialized.
2025-11-11 23:15:20 [INFO] app_logger, config_loader.py: Configuration loaded from C:\Yilmaz\Projects\tubitak-gunes\.env
2025-11-11 23:15:22 [INFO] app_logger, logger.py: Logger initialized.
2025-11-11 23:15:22 [INFO] app_logger, config_loader.py: Configuration loaded from C:\Yilmaz\Projects\tubitak-gunes\.env
2025-11-11 23:15:24 [INFO] app_logger, logger.py: Logger initialized.
2025-11-11 23:15:24 [INFO] app_logger, config_loader.py: Configuration loaded from C:\Yilmaz\Projects\tubitak-gunes\.env
2025-11-11 23:15:46 [INFO] app_logger, logger.py: Logger initialized.
2025-11-11 23:15:47 [INFO] app_logger, config_loader.py: Configuration loaded from C:\Yilmaz\Projects\tubitak-gunes\.env
2025-11-11 23:16:02 [INFO] app_logger, logger.py: Logger initialized.
2025-11-11 23:16:02 [INFO] app_logger, config_loader.py: Configuration loaded from C:\Yilmaz\Projects\tubitak-gunes\.env
2025-11-11 23:17:58 [INFO] app_logger, logger.py: Logger initialized.
2025-11-11 23:17:58 [INFO] app_logger, config_loader.py: Configuration loaded from C:\Yilmaz\Projects\tubitak-gunes\.env
2025-11-11 23:18:27 [INFO] app_logger, logger.py: Logger initialized.
2025-11-11 23:18:27 [INFO] app_logger, config_loader.py: Configuration loaded from C:\Yilmaz\Projects\tubitak-gunes\.env
2025-11-11 23:19:11 [INFO] app_logger, pvgis_router.py: PVcalc request for (38.447, 27.149), power=10.0kW
2025-11-11 23:19:11 [INFO] app_logger, pvgis.py: Requesting PVGIS PVcalc with params: {'lat': 38.447, 'lon': 27.149, 'peakpower': 10.0, 'loss': 14.0, 'pvtechchoice': 'crystSi', 'mountingplace': 'free', 'fixed': 0, 'angle': 0.0, 'aspect': 0.0, 'optimalinclination': 0, 'optimalangles': 0, 'inclined_axis': 1, 'inclined_optimum': 0, 'inclinedaxisangle': 30.0, 'vertical_axis': 0, 'vertical_optimum': 0, 'verticalaxisangle': 0.0, 'twoaxis': 0, 'usehorizon': 1, 'pvprice': 0, 'lifetime': 25, 'startyear': 2020, 'endyear': 2020, 'outputformat': 'json', 'browser': 0}
2025-11-11 23:19:13 [INFO] app_logger, pvgis_router.py: PVcalc completed successfully
2025-11-11 23:21:56 [INFO] app_logger, logger.py: Logger initialized.
2025-11-11 23:21:56 [INFO] app_logger, config_loader.py: Configuration loaded from C:\Yilmaz\Projects\tubitak-gunes\.env
2025-11-11 23:22:11 [INFO] app_logger, pvgis_router.py: Seriescalc request for (38.447, 27.149), years=2020-2020
2025-11-11 23:22:11 [INFO] app_logger, pvgis.py: Requesting PVGIS seriescalc with params: {'lat': 38.447, 'lon': 27.149, 'startyear': 2020, 'endyear': 2020, 'pvcalculation': 1, 'peakpower': 5.0, 'pvtechchoice': 'crystSi', 'mountingplace': 'free', 'loss': 14.0, 'trackingtype': 2, 'angle': 0.0, 'aspect': 0.0, 'optimalinclination': 0, 'optimalangles': 0, 'components': 0, 'usehorizon': 1, 'outputformat': 'json', 'browser': 0}
2025-11-11 23:22:14 [INFO] app_logger, pvgis_router.py: Seriescalc completed successfully
2025-11-11 23:22:55 [INFO] app_logger, pvgis_router.py: TMY request for (38.447, 27.149), years=2005-2020
2025-11-11 23:22:55 [INFO] app_logger, pvgis.py: Requesting PVGIS tmy with params: {'lat': 38.447, 'lon': 27.149, 'startyear': 2005, 'endyear': 2020, 'usehorizon': 1, 'outputformat': 'json', 'browser': 0}
2025-11-11 23:22:57 [INFO] app_logger, pvgis_router.py: TMY completed successfully
2025-11-11 23:23:49 [INFO] app_logger, logger.py: Logger initialized.
2025-11-11 23:23:49 [INFO] app_logger, config_loader.py: Configuration loaded from C:\Yilmaz\Projects\tubitak-gunes\.env
2025-11-11 23:23:56 [INFO] app_logger, pvgis_router.py: TMY request for (-90.0, -180.0), years=2005-2005
2025-11-11 23:23:56 [INFO] app_logger, pvgis.py: Requesting PVGIS tmy with params: {'lat': -90.0, 'lon': -180.0, 'raddatabase': 'PVGIS-SARAH3', 'startyear': 2005, 'endyear': 2005, 'usehorizon': 1, 'userhorizon': 'string', 'outputformat': 'json', 'browser': 0}
2025-11-11 23:23:56 [ERROR] app_logger, pvgis_router.py: Runtime error in TMY: Error in TMY: HTTP error from PVGIS API: 400 Client Error: BAD REQUEST for url: https://re.jrc.ec.europa.eu/api/v5_2/tmy?lat=-90.0&lon=-180.0&raddatabase=PVGIS-SARAH3&startyear=2005&endyear=2005&usehorizon=1&userhorizon=string&outputformat=json&browser=0
Traceback (most recent call last):
  File "C:\Yilmaz\Projects\tubitak-gunes\api\app\services\pvgis.py", line 41, in _make_request
    response.raise_for_status()
    ~~~~~~~~~~~~~~~~~~~~~~~~~^^
  File "C:\Yilmaz\Projects\tubitak-gunes\.venv\Lib\site-packages\requests\models.py", line 1021, in raise_for_status
    raise HTTPError(http_error_msg, response=self)
requests.exceptions.HTTPError: 400 Client Error: BAD REQUEST for url: https://re.jrc.ec.europa.eu/api/v5_2/tmy?lat=-90.0&lon=-180.0&raddatabase=PVGIS-SARAH3&startyear=2005&endyear=2005&usehorizon=1&userhorizon=string&outputformat=json&browser=0

The above exception was the direct cause of the following exception:

Traceback (most recent call last):
  File "C:\Yilmaz\Projects\tubitak-gunes\api\app\services\pvgis.py", line 152, in tmy
    return PVGISService._make_request("tmy", params)
           ~~~~~~~~~~~~~~~~~~~~~~~~~~^^^^^^^^^^^^^^^
  File "C:\Yilmaz\Projects\tubitak-gunes\api\app\services\pvgis.py", line 60, in _make_request
    raise RuntimeError(f"HTTP error from PVGIS API: {str(e)}") from e
RuntimeError: HTTP error from PVGIS API: 400 Client Error: BAD REQUEST for url: https://re.jrc.ec.europa.eu/api/v5_2/tmy?lat=-90.0&lon=-180.0&raddatabase=PVGIS-SARAH3&startyear=2005&endyear=2005&usehorizon=1&userhorizon=string&outputformat=json&browser=0

The above exception was the direct cause of the following exception:

Traceback (most recent call last):
  File "C:\Yilmaz\Projects\tubitak-gunes\api\app\routers\pvgis_router.py", line 202, in typical_meteorological_year
    result = PVGISService.tmy(request)
  File "C:\Yilmaz\Projects\tubitak-gunes\api\app\services\pvgis.py", line 155, in tmy
    raise RuntimeError(f"Error in TMY: {str(e)}") from e
RuntimeError: Error in TMY: HTTP error from PVGIS API: 400 Client Error: BAD REQUEST for url: https://re.jrc.ec.europa.eu/api/v5_2/tmy?lat=-90.0&lon=-180.0&raddatabase=PVGIS-SARAH3&startyear=2005&endyear=2005&usehorizon=1&userhorizon=string&outputformat=json&browser=0
2025-11-11 23:24:09 [INFO] app_logger, pvgis_router.py: TMY request for (38.447, 27.149), years=2005-2020
2025-11-11 23:24:09 [INFO] app_logger, pvgis.py: Requesting PVGIS tmy with params: {'lat': 38.447, 'lon': 27.149, 'startyear': 2005, 'endyear': 2020, 'usehorizon': 1, 'outputformat': 'json', 'browser': 0}
2025-11-11 23:24:12 [INFO] app_logger, pvgis_router.py: TMY completed successfully
2025-11-11 23:24:47 [INFO] app_logger, logger.py: Logger initialized.
2025-11-11 23:24:47 [INFO] app_logger, config_loader.py: Configuration loaded from C:\Yilmaz\Projects\tubitak-gunes\.env
2025-11-11 23:24:58 [INFO] app_logger, logger.py: Logger initialized.
2025-11-11 23:24:58 [INFO] app_logger, config_loader.py: Configuration loaded from C:\Yilmaz\Projects\tubitak-gunes\.env
2025-11-11 23:25:43 [INFO] app_logger, logger.py: Logger initialized.
2025-11-11 23:25:43 [INFO] app_logger, config_loader.py: Configuration loaded from C:\Yilmaz\Projects\tubitak-gunes\.env
2025-11-11 23:25:58 [INFO] app_logger, pvgis_router.py: Horizon request for (38.447, 27.149)
2025-11-11 23:25:58 [INFO] app_logger, pvgis.py: Requesting PVGIS printhorizon with params: {'lat': 38.447, 'lon': 27.149, 'outputformat': 'json', 'browser': 0}
2025-11-11 23:25:59 [INFO] app_logger, pvgis_router.py: Horizon completed successfully
2025-11-11 23:26:06 [INFO] app_logger, pvgis_router.py: Horizon request for (-90.0, -180.0)
2025-11-11 23:26:06 [INFO] app_logger, pvgis.py: Requesting PVGIS printhorizon with params: {'lat': -90.0, 'lon': -180.0, 'userhorizon': 'string', 'outputformat': 'json', 'browser': 0}
2025-11-11 23:26:07 [ERROR] app_logger, pvgis_router.py: Runtime error in Horizon: Error in printhorizon: HTTP error from PVGIS API: 400 Client Error: BAD REQUEST for url: https://re.jrc.ec.europa.eu/api/v5_2/printhorizon?lat=-90.0&lon=-180.0&userhorizon=string&outputformat=json&browser=0
Traceback (most recent call last):
  File "C:\Yilmaz\Projects\tubitak-gunes\api\app\services\pvgis.py", line 41, in _make_request
    response.raise_for_status()
    ~~~~~~~~~~~~~~~~~~~~~~~~~^^
  File "C:\Yilmaz\Projects\tubitak-gunes\.venv\Lib\site-packages\requests\models.py", line 1021, in raise_for_status
    raise HTTPError(http_error_msg, response=self)
requests.exceptions.HTTPError: 400 Client Error: BAD REQUEST for url: https://re.jrc.ec.europa.eu/api/v5_2/printhorizon?lat=-90.0&lon=-180.0&userhorizon=string&outputformat=json&browser=0

The above exception was the direct cause of the following exception:

Traceback (most recent call last):
  File "C:\Yilmaz\Projects\tubitak-gunes\api\app\services\pvgis.py", line 166, in printhorizon
    return PVGISService._make_request("printhorizon", params)
           ~~~~~~~~~~~~~~~~~~~~~~~~~~^^^^^^^^^^^^^^^^^^^^^^^^
  File "C:\Yilmaz\Projects\tubitak-gunes\api\app\services\pvgis.py", line 60, in _make_request
    raise RuntimeError(f"HTTP error from PVGIS API: {str(e)}") from e
RuntimeError: HTTP error from PVGIS API: 400 Client Error: BAD REQUEST for url: https://re.jrc.ec.europa.eu/api/v5_2/printhorizon?lat=-90.0&lon=-180.0&userhorizon=string&outputformat=json&browser=0

The above exception was the direct cause of the following exception:

Traceback (most recent call last):
  File "C:\Yilmaz\Projects\tubitak-gunes\api\app\routers\pvgis_router.py", line 237, in horizon_profile
    result = PVGISService.printhorizon(request)
  File "C:\Yilmaz\Projects\tubitak-gunes\api\app\services\pvgis.py", line 169, in printhorizon
    raise RuntimeError(f"Error in printhorizon: {str(e)}") from e
RuntimeError: Error in printhorizon: HTTP error from PVGIS API: 400 Client Error: BAD REQUEST for url: https://re.jrc.ec.europa.eu/api/v5_2/printhorizon?lat=-90.0&lon=-180.0&userhorizon=string&outputformat=json&browser=0
2025-11-11 23:26:21 [INFO] app_logger, pvgis_router.py: Horizon request for (-90.0, -180.0)
2025-11-11 23:26:21 [INFO] app_logger, pvgis.py: Requesting PVGIS printhorizon with params: {'lat': -90.0, 'lon': -180.0, 'userhorizon': 'string', 'outputformat': 'json', 'browser': 0}
2025-11-11 23:26:22 [ERROR] app_logger, pvgis_router.py: Runtime error in Horizon: Error in printhorizon: HTTP error from PVGIS API: 400 Client Error: BAD REQUEST for url: https://re.jrc.ec.europa.eu/api/v5_2/printhorizon?lat=-90.0&lon=-180.0&userhorizon=string&outputformat=json&browser=0
Traceback (most recent call last):
  File "C:\Yilmaz\Projects\tubitak-gunes\api\app\services\pvgis.py", line 41, in _make_request
    response.raise_for_status()
    ~~~~~~~~~~~~~~~~~~~~~~~~~^^
  File "C:\Yilmaz\Projects\tubitak-gunes\.venv\Lib\site-packages\requests\models.py", line 1021, in raise_for_status
    raise HTTPError(http_error_msg, response=self)
requests.exceptions.HTTPError: 400 Client Error: BAD REQUEST for url: https://re.jrc.ec.europa.eu/api/v5_2/printhorizon?lat=-90.0&lon=-180.0&userhorizon=string&outputformat=json&browser=0

The above exception was the direct cause of the following exception:

Traceback (most recent call last):
  File "C:\Yilmaz\Projects\tubitak-gunes\api\app\services\pvgis.py", line 166, in printhorizon
    return PVGISService._make_request("printhorizon", params)
           ~~~~~~~~~~~~~~~~~~~~~~~~~~^^^^^^^^^^^^^^^^^^^^^^^^
  File "C:\Yilmaz\Projects\tubitak-gunes\api\app\services\pvgis.py", line 60, in _make_request
    raise RuntimeError(f"HTTP error from PVGIS API: {str(e)}") from e
RuntimeError: HTTP error from PVGIS API: 400 Client Error: BAD REQUEST for url: https://re.jrc.ec.europa.eu/api/v5_2/printhorizon?lat=-90.0&lon=-180.0&userhorizon=string&outputformat=json&browser=0

The above exception was the direct cause of the following exception:

Traceback (most recent call last):
  File "C:\Yilmaz\Projects\tubitak-gunes\api\app\routers\pvgis_router.py", line 237, in horizon_profile
    result = PVGISService.printhorizon(request)
  File "C:\Yilmaz\Projects\tubitak-gunes\api\app\services\pvgis.py", line 169, in printhorizon
    raise RuntimeError(f"Error in printhorizon: {str(e)}") from e
RuntimeError: Error in printhorizon: HTTP error from PVGIS API: 400 Client Error: BAD REQUEST for url: https://re.jrc.ec.europa.eu/api/v5_2/printhorizon?lat=-90.0&lon=-180.0&userhorizon=string&outputformat=json&browser=0
2025-11-11 23:26:27 [INFO] app_logger, pvgis_router.py: Horizon request for (38.447, 27.149)
2025-11-11 23:26:27 [INFO] app_logger, pvgis.py: Requesting PVGIS printhorizon with params: {'lat': 38.447, 'lon': 27.149, 'outputformat': 'json', 'browser': 0}
2025-11-11 23:26:28 [INFO] app_logger, pvgis_router.py: Horizon completed successfully
2025-11-11 23:29:52 [INFO] app_logger, logger.py: Logger initialized.
2025-11-11 23:29:52 [INFO] app_logger, config_loader.py: Configuration loaded from C:\Yilmaz\Projects\tubitak-gunes\.env
2025-11-11 23:30:19 [INFO] app_logger, logger.py: Logger initialized.
2025-11-11 23:30:19 [INFO] app_logger, config_loader.py: Configuration loaded from C:\Yilmaz\Projects\tubitak-gunes\.env
2025-11-11 23:30:31 [INFO] app_logger, pvgis_router.py: Horizon request for (38.447, 27.149)
2025-11-11 23:30:31 [INFO] app_logger, pvgis.py: Requesting PVGIS printhorizon with params: {'lat': 38.447, 'lon': 27.149}
2025-11-11 23:30:32 [ERROR] app_logger, pvgis_router.py: Runtime error in Horizon: Error in printhorizon: Error connecting to PVGIS API: Expecting value: line 1 column 1 (char 0)
Traceback (most recent call last):
  File "C:\Yilmaz\Projects\tubitak-gunes\.venv\Lib\site-packages\requests\models.py", line 971, in json
    return complexjson.loads(self.text, **kwargs)
           ~~~~~~~~~~~~~~~~~^^^^^^^^^^^^^^^^^^^^^
  File "C:\Users\yilma\AppData\Local\Python\pythoncore-3.14-64\Lib\json\__init__.py", line 346, in loads
    return _default_decoder.decode(s)
           ~~~~~~~~~~~~~~~~~~~~~~~^^^
  File "C:\Users\yilma\AppData\Local\Python\pythoncore-3.14-64\Lib\json\decoder.py", line 345, in decode
    obj, end = self.raw_decode(s, idx=_w(s, 0).end())
               ~~~~~~~~~~~~~~~^^^^^^^^^^^^^^^^^^^^^^^
  File "C:\Users\yilma\AppData\Local\Python\pythoncore-3.14-64\Lib\json\decoder.py", line 363, in raw_decode
    raise JSONDecodeError("Expecting value", s, err.value) from None
json.decoder.JSONDecodeError: Expecting value: line 1 column 1 (char 0)

During handling of the above exception, another exception occurred:

Traceback (most recent call last):
  File "C:\Yilmaz\Projects\tubitak-gunes\api\app\services\pvgis.py", line 43, in _make_request
    data = response.json()
  File "C:\Yilmaz\Projects\tubitak-gunes\.venv\Lib\site-packages\requests\models.py", line 975, in json
    raise RequestsJSONDecodeError(e.msg, e.doc, e.pos)
requests.exceptions.JSONDecodeError: Expecting value: line 1 column 1 (char 0)

The above exception was the direct cause of the following exception:

Traceback (most recent call last):
  File "C:\Yilmaz\Projects\tubitak-gunes\api\app\services\pvgis.py", line 166, in printhorizon
    return PVGISService._make_request("printhorizon", params)
           ~~~~~~~~~~~~~~~~~~~~~~~~~~^^^^^^^^^^^^^^^^^^^^^^^^
  File "C:\Yilmaz\Projects\tubitak-gunes\api\app\services\pvgis.py", line 63, in _make_request
    raise RuntimeError(f"Error connecting to PVGIS API: {str(e)}") from e
RuntimeError: Error connecting to PVGIS API: Expecting value: line 1 column 1 (char 0)

The above exception was the direct cause of the following exception:

Traceback (most recent call last):
  File "C:\Yilmaz\Projects\tubitak-gunes\api\app\routers\pvgis_router.py", line 237, in horizon_profile
    result = PVGISService.printhorizon(request)
  File "C:\Yilmaz\Projects\tubitak-gunes\api\app\services\pvgis.py", line 169, in printhorizon
    raise RuntimeError(f"Error in printhorizon: {str(e)}") from e
RuntimeError: Error in printhorizon: Error connecting to PVGIS API: Expecting value: line 1 column 1 (char 0)
2025-11-11 23:31:18 [INFO] app_logger, logger.py: Logger initialized.
2025-11-11 23:31:18 [INFO] app_logger, config_loader.py: Configuration loaded from C:\Yilmaz\Projects\tubitak-gunes\.env
2025-11-11 23:31:21 [INFO] app_logger, pvgis_router.py: TMY request for (38.447, 27.149), years=2015-2020
2025-11-11 23:31:21 [INFO] app_logger, pvgis.py: Requesting PVGIS tmy with params: {'lat': 38.447, 'lon': 27.149, 'startyear': 2015, 'endyear': 2020, 'outputformat': 'json', 'browser': '0'}
2025-11-11 23:31:22 [INFO] app_logger, pvgis.py: PVGIS response status: 400, content-type: application/json
2025-11-11 23:31:22 [ERROR] app_logger, pvgis_router.py: Runtime error in TMY: Error in TMY: HTTP error from PVGIS API: 400 Client Error: BAD REQUEST for url: https://re.jrc.ec.europa.eu/api/v5_2/tmy?lat=38.447&lon=27.149&startyear=2015&endyear=2020&outputformat=json&browser=0
Traceback (most recent call last):
  File "C:\Yilmaz\Projects\tubitak-gunes\api\app\services\pvgis.py", line 51, in _make_request
    response.raise_for_status()
    ~~~~~~~~~~~~~~~~~~~~~~~~~^^
  File "C:\Yilmaz\Projects\tubitak-gunes\.venv\Lib\site-packages\requests\models.py", line 1021, in raise_for_status
    raise HTTPError(http_error_msg, response=self)
requests.exceptions.HTTPError: 400 Client Error: BAD REQUEST for url: https://re.jrc.ec.europa.eu/api/v5_2/tmy?lat=38.447&lon=27.149&startyear=2015&endyear=2020&outputformat=json&browser=0

The above exception was the direct cause of the following exception:

Traceback (most recent call last):
  File "C:\Yilmaz\Projects\tubitak-gunes\api\app\services\pvgis.py", line 173, in tmy
    return PVGISService._make_request("tmy", params)
           ~~~~~~~~~~~~~~~~~~~~~~~~~~^^^^^^^^^^^^^^^
  File "C:\Yilmaz\Projects\tubitak-gunes\api\app\services\pvgis.py", line 81, in _make_request
    raise RuntimeError(f"HTTP error from PVGIS API: {str(e)}") from e
RuntimeError: HTTP error from PVGIS API: 400 Client Error: BAD REQUEST for url: https://re.jrc.ec.europa.eu/api/v5_2/tmy?lat=38.447&lon=27.149&startyear=2015&endyear=2020&outputformat=json&browser=0

The above exception was the direct cause of the following exception:

Traceback (most recent call last):
  File "C:\Yilmaz\Projects\tubitak-gunes\api\app\routers\pvgis_router.py", line 202, in typical_meteorological_year
    result = PVGISService.tmy(request)
  File "C:\Yilmaz\Projects\tubitak-gunes\api\app\services\pvgis.py", line 176, in tmy
    raise RuntimeError(f"Error in TMY: {str(e)}") from e
RuntimeError: Error in TMY: HTTP error from PVGIS API: 400 Client Error: BAD REQUEST for url: https://re.jrc.ec.europa.eu/api/v5_2/tmy?lat=38.447&lon=27.149&startyear=2015&endyear=2020&outputformat=json&browser=0
2025-11-11 23:31:31 [INFO] app_logger, logger.py: Logger initialized.
2025-11-11 23:31:31 [INFO] app_logger, config_loader.py: Configuration loaded from C:\Yilmaz\Projects\tubitak-gunes\.env
2025-11-11 23:31:34 [INFO] app_logger, pvgis_router.py: TMY request for (38.447, 27.149), years=2015-2020
2025-11-11 23:31:34 [INFO] app_logger, pvgis.py: Requesting PVGIS tmy with params: {'lat': 38.447, 'lon': 27.149, 'startyear': 2015, 'endyear': 2020, 'outputformat': 'json', 'browser': '0'}
2025-11-11 23:31:34 [INFO] app_logger, pvgis.py: PVGIS response status: 400, content-type: application/json
2025-11-11 23:31:34 [ERROR] app_logger, pvgis_router.py: Runtime error in TMY: Error in TMY: HTTP error from PVGIS API: 400 Client Error: BAD REQUEST for url: https://re.jrc.ec.europa.eu/api/v5_2/tmy?lat=38.447&lon=27.149&startyear=2015&endyear=2020&outputformat=json&browser=0
Traceback (most recent call last):
  File "C:\Yilmaz\Projects\tubitak-gunes\api\app\services\pvgis.py", line 51, in _make_request
    response.raise_for_status()
    ~~~~~~~~~~~~~~~~~~~~~~~~~^^
  File "C:\Yilmaz\Projects\tubitak-gunes\.venv\Lib\site-packages\requests\models.py", line 1021, in raise_for_status
    raise HTTPError(http_error_msg, response=self)
requests.exceptions.HTTPError: 400 Client Error: BAD REQUEST for url: https://re.jrc.ec.europa.eu/api/v5_2/tmy?lat=38.447&lon=27.149&startyear=2015&endyear=2020&outputformat=json&browser=0

The above exception was the direct cause of the following exception:

Traceback (most recent call last):
  File "C:\Yilmaz\Projects\tubitak-gunes\api\app\services\pvgis.py", line 173, in tmy
    return PVGISService._make_request("tmy", params)
           ~~~~~~~~~~~~~~~~~~~~~~~~~~^^^^^^^^^^^^^^^
  File "C:\Yilmaz\Projects\tubitak-gunes\api\app\services\pvgis.py", line 81, in _make_request
    raise RuntimeError(f"HTTP error from PVGIS API: {str(e)}") from e
RuntimeError: HTTP error from PVGIS API: 400 Client Error: BAD REQUEST for url: https://re.jrc.ec.europa.eu/api/v5_2/tmy?lat=38.447&lon=27.149&startyear=2015&endyear=2020&outputformat=json&browser=0

The above exception was the direct cause of the following exception:

Traceback (most recent call last):
  File "C:\Yilmaz\Projects\tubitak-gunes\api\app\routers\pvgis_router.py", line 202, in typical_meteorological_year
    result = PVGISService.tmy(request)
  File "C:\Yilmaz\Projects\tubitak-gunes\api\app\services\pvgis.py", line 176, in tmy
    raise RuntimeError(f"Error in TMY: {str(e)}") from e
RuntimeError: Error in TMY: HTTP error from PVGIS API: 400 Client Error: BAD REQUEST for url: https://re.jrc.ec.europa.eu/api/v5_2/tmy?lat=38.447&lon=27.149&startyear=2015&endyear=2020&outputformat=json&browser=0
2025-11-11 23:31:41 [INFO] app_logger, pvgis_router.py: Horizon request for (38.447, 27.149)
2025-11-11 23:31:41 [INFO] app_logger, pvgis.py: Requesting PVGIS printhorizon with params: {'lat': 38.447, 'lon': 27.149, 'outputformat': 'json', 'browser': '0'}
2025-11-11 23:31:42 [INFO] app_logger, pvgis.py: PVGIS response status: 200, content-type: application/json
2025-11-11 23:31:42 [INFO] app_logger, pvgis_router.py: Horizon completed successfully
2025-11-11 23:31:53 [INFO] app_logger, pvgis_router.py: Seriescalc request for (38.447, 27.149), years=2020-2020
2025-11-11 23:31:53 [INFO] app_logger, pvgis.py: Requesting PVGIS seriescalc with params: {'lat': 38.447, 'lon': 27.149, 'startyear': 2020, 'endyear': 2020, 'angle': 35.0, 'aspect': 0.0, 'outputformat': 'json', 'browser': '0'}
2025-11-11 23:31:55 [INFO] app_logger, pvgis.py: PVGIS response status: 200, content-type: application/json
2025-11-11 23:31:55 [INFO] app_logger, pvgis_router.py: Seriescalc completed successfully
2025-11-11 23:33:18 [INFO] app_logger, logger.py: Logger initialized.
2025-11-11 23:33:18 [INFO] app_logger, config_loader.py: Configuration loaded from C:\Yilmaz\Projects\tubitak-gunes\.env
2025-11-11 23:33:29 [INFO] app_logger, logger.py: Logger initialized.
2025-11-11 23:33:29 [INFO] app_logger, config_loader.py: Configuration loaded from C:\Yilmaz\Projects\tubitak-gunes\.env
2025-11-11 23:34:01 [INFO] app_logger, pvgis_router.py: Horizon request for (38.447, 27.149)
2025-11-11 23:34:01 [INFO] app_logger, pvgis.py: Requesting PVGIS printhorizon with params: {'lat': 38.447, 'lon': 27.149, 'outputformat': 'json', 'browser': '0'}
2025-11-11 23:34:02 [INFO] app_logger, pvgis.py: PVGIS response status: 200, content-type: application/json
2025-11-11 23:34:02 [INFO] app_logger, pvgis_router.py: Horizon completed successfully
2025-11-11 23:34:09 [INFO] app_logger, pvgis_router.py: TMY request for (38.447, 27.149), years=2015-2020
2025-11-11 23:34:09 [INFO] app_logger, pvgis.py: Requesting PVGIS tmy with params: {'lat': 38.447, 'lon': 27.149, 'startyear': 2015, 'endyear': 2020, 'outputformat': 'json', 'browser': '0'}
2025-11-11 23:34:11 [INFO] app_logger, pvgis.py: PVGIS response status: 400, content-type: application/json
2025-11-11 23:34:11 [ERROR] app_logger, pvgis_router.py: Runtime error in TMY: Error in TMY: HTTP error from PVGIS API: 400 Client Error: BAD REQUEST for url: https://re.jrc.ec.europa.eu/api/v5_2/tmy?lat=38.447&lon=27.149&startyear=2015&endyear=2020&outputformat=json&browser=0
Traceback (most recent call last):
  File "C:\Yilmaz\Projects\tubitak-gunes\api\app\services\pvgis.py", line 51, in _make_request
    response.raise_for_status()
    ~~~~~~~~~~~~~~~~~~~~~~~~~^^
  File "C:\Yilmaz\Projects\tubitak-gunes\.venv\Lib\site-packages\requests\models.py", line 1021, in raise_for_status
    raise HTTPError(http_error_msg, response=self)
requests.exceptions.HTTPError: 400 Client Error: BAD REQUEST for url: https://re.jrc.ec.europa.eu/api/v5_2/tmy?lat=38.447&lon=27.149&startyear=2015&endyear=2020&outputformat=json&browser=0

The above exception was the direct cause of the following exception:

Traceback (most recent call last):
  File "C:\Yilmaz\Projects\tubitak-gunes\api\app\services\pvgis.py", line 173, in tmy
    return PVGISService._make_request("tmy", params)
           ~~~~~~~~~~~~~~~~~~~~~~~~~~^^^^^^^^^^^^^^^
  File "C:\Yilmaz\Projects\tubitak-gunes\api\app\services\pvgis.py", line 81, in _make_request
    raise RuntimeError(f"HTTP error from PVGIS API: {str(e)}") from e
RuntimeError: HTTP error from PVGIS API: 400 Client Error: BAD REQUEST for url: https://re.jrc.ec.europa.eu/api/v5_2/tmy?lat=38.447&lon=27.149&startyear=2015&endyear=2020&outputformat=json&browser=0

The above exception was the direct cause of the following exception:

Traceback (most recent call last):
  File "C:\Yilmaz\Projects\tubitak-gunes\api\app\routers\pvgis_router.py", line 202, in typical_meteorological_year
    result = PVGISService.tmy(request)
  File "C:\Yilmaz\Projects\tubitak-gunes\api\app\services\pvgis.py", line 176, in tmy
    raise RuntimeError(f"Error in TMY: {str(e)}") from e
RuntimeError: Error in TMY: HTTP error from PVGIS API: 400 Client Error: BAD REQUEST for url: https://re.jrc.ec.europa.eu/api/v5_2/tmy?lat=38.447&lon=27.149&startyear=2015&endyear=2020&outputformat=json&browser=0
2025-11-11 23:34:44 [INFO] app_logger, logger.py: Logger initialized.
2025-11-11 23:34:44 [INFO] app_logger, config_loader.py: Configuration loaded from C:\Yilmaz\Projects\tubitak-gunes\.env
2025-11-11 23:34:47 [INFO] app_logger, logger.py: Logger initialized.
2025-11-11 23:34:47 [INFO] app_logger, config_loader.py: Configuration loaded from C:\Yilmaz\Projects\tubitak-gunes\.env
2025-11-11 23:34:56 [INFO] app_logger, logger.py: Logger initialized.
2025-11-11 23:34:56 [INFO] app_logger, config_loader.py: Configuration loaded from C:\Yilmaz\Projects\tubitak-gunes\.env
2025-11-11 23:35:03 [INFO] app_logger, logger.py: Logger initialized.
2025-11-11 23:35:03 [INFO] app_logger, config_loader.py: Configuration loaded from C:\Yilmaz\Projects\tubitak-gunes\.env
2025-11-11 23:35:14 [INFO] app_logger, pvgis_router.py: TMY request for (38.447, 27.149), years=2010-2020
2025-11-11 23:35:14 [INFO] app_logger, pvgis.py: Requesting PVGIS tmy with params: {'lat': 38.447, 'lon': 27.149, 'startyear': 2010, 'endyear': 2020, 'outputformat': 'json', 'browser': '0'}
2025-11-11 23:35:17 [INFO] app_logger, pvgis.py: PVGIS response status: 200, content-type: application/json
2025-11-11 23:35:17 [INFO] app_logger, pvgis_router.py: TMY completed successfully
2025-11-11 23:36:24 [INFO] app_logger, logger.py: Logger initialized.
2025-11-11 23:36:24 [INFO] app_logger, config_loader.py: Configuration loaded from C:\Yilmaz\Projects\tubitak-gunes\.env
2025-11-11 23:36:42 [INFO] app_logger, logger.py: Logger initialized.
2025-11-11 23:36:42 [INFO] app_logger, config_loader.py: Configuration loaded from C:\Yilmaz\Projects\tubitak-gunes\.env
2025-11-11 23:36:50 [INFO] app_logger, pvgis_router.py: Horizon request for (38.447, 27.149)
2025-11-11 23:36:50 [INFO] app_logger, pvgis.py: Requesting PVGIS printhorizon with params: {'lat': 38.447, 'lon': 27.149, 'outputformat': 'json', 'browser': '0'}
2025-11-11 23:36:52 [INFO] app_logger, pvgis.py: PVGIS response status: 200, content-type: application/json
2025-11-11 23:36:52 [INFO] app_logger, pvgis.py: PVGIS printhorizon response received successfully. Keys: ['inputs', 'outputs', 'meta']
2025-11-11 23:36:52 [INFO] app_logger, pvgis.py: Response outputs keys: ['horizon_profile', 'winter_solstice', 'summer_solstice']
2025-11-11 23:36:52 [INFO] app_logger, pvgis.py:   - horizon_profile: 49 records
2025-11-11 23:36:52 [INFO] app_logger, pvgis.py:   - winter_solstice: 49 records
2025-11-11 23:36:52 [INFO] app_logger, pvgis.py:   - summer_solstice: 49 records
2025-11-11 23:36:52 [INFO] app_logger, pvgis_router.py: Horizon completed successfully
2025-11-11 23:37:13 [INFO] app_logger, pvgis_router.py: TMY request for (38.447, 27.149), years=2010-2020
2025-11-11 23:37:13 [INFO] app_logger, pvgis.py: Requesting PVGIS tmy with params: {'lat': 38.447, 'lon': 27.149, 'startyear': 2010, 'endyear': 2020, 'outputformat': 'json', 'browser': '0'}
2025-11-11 23:37:16 [INFO] app_logger, pvgis.py: PVGIS response status: 200, content-type: application/json
2025-11-11 23:37:16 [INFO] app_logger, pvgis.py: PVGIS tmy response received successfully. Keys: ['inputs', 'outputs', 'meta']
2025-11-11 23:37:16 [INFO] app_logger, pvgis.py: Response outputs keys: ['months_selected', 'tmy_hourly']
2025-11-11 23:37:16 [INFO] app_logger, pvgis.py:   - months_selected: 12 records
2025-11-11 23:37:16 [INFO] app_logger, pvgis.py:   - tmy_hourly: 8760 records
2025-11-11 23:37:16 [INFO] app_logger, pvgis_router.py: TMY completed successfully
2025-11-11 23:37:54 [INFO] app_logger, pvgis_router.py: Seriescalc request for (38.447, 27.149), years=2020-2020
2025-11-11 23:37:54 [INFO] app_logger, pvgis.py: Requesting PVGIS seriescalc with params: {'lat': 38.447, 'lon': 27.149, 'startyear': 2020, 'endyear': 2020, 'angle': 35.0, 'aspect': 0.0, 'outputformat': 'json', 'browser': '0'}
2025-11-11 23:37:56 [INFO] app_logger, pvgis.py: PVGIS response status: 200, content-type: application/json
2025-11-11 23:37:56 [INFO] app_logger, pvgis.py: PVGIS seriescalc response received successfully. Keys: ['inputs', 'outputs', 'meta']
2025-11-11 23:37:56 [INFO] app_logger, pvgis.py: Response outputs keys: ['hourly']
2025-11-11 23:37:56 [INFO] app_logger, pvgis.py:   - hourly: 8784 records
2025-11-11 23:37:56 [INFO] app_logger, pvgis_router.py: Seriescalc completed successfully
2025-11-11 23:38:06 [INFO] app_logger, pvgis_router.py: DRcalc request for (38.447, 27.149), month=4
2025-11-11 23:38:06 [INFO] app_logger, pvgis.py: Requesting PVGIS DRcalc with params: {'lat': 38.447, 'lon': 27.149, 'month': 4, 'angle': 35.0, 'aspect': 0.0, 'outputformat': 'json', 'browser': '0'}
2025-11-11 23:38:07 [INFO] app_logger, pvgis.py: PVGIS response status: 200, content-type: application/json
2025-11-11 23:38:07 [INFO] app_logger, pvgis.py: PVGIS DRcalc response received successfully. Keys: ['inputs', 'outputs', 'meta']
2025-11-11 23:38:07 [INFO] app_logger, pvgis.py: Response outputs keys: ['daily_profile']
2025-11-11 23:38:07 [INFO] app_logger, pvgis.py:   - daily_profile: 24 records
2025-11-11 23:38:07 [INFO] app_logger, pvgis_router.py: DRcalc completed successfully
2025-11-11 23:38:22 [INFO] app_logger, pvgis_router.py: MRcalc request for (38.447, 27.149)
2025-11-11 23:38:22 [INFO] app_logger, pvgis.py: Requesting PVGIS MRcalc with params: {'lat': 38.447, 'lon': 27.149, 'startyear': 2020, 'endyear': 2020, 'horirrad': 1, 'outputformat': 'json', 'browser': '0'}
2025-11-11 23:38:23 [INFO] app_logger, pvgis.py: PVGIS response status: 200, content-type: application/json
2025-11-11 23:38:23 [INFO] app_logger, pvgis.py: PVGIS MRcalc response received successfully. Keys: ['inputs', 'outputs', 'meta']
2025-11-11 23:38:23 [INFO] app_logger, pvgis.py: Response outputs keys: ['monthly']
2025-11-11 23:38:23 [INFO] app_logger, pvgis.py:   - monthly: 12 records
2025-11-11 23:38:23 [INFO] app_logger, pvgis_router.py: MRcalc completed successfully
2025-11-11 23:38:30 [INFO] app_logger, pvgis_router.py: SHScalc request for (38.447, 27.149), battery=10000.0Wh
2025-11-11 23:38:30 [INFO] app_logger, pvgis.py: Requesting PVGIS SHScalc with params: {'lat': 38.447, 'lon': 27.149, 'peakpower': 3000.0, 'batterysize': 10000.0, 'cutoff': 40.0, 'consumptionday': 5000.0, 'angle': 35.0, 'aspect': 0.0, 'outputformat': 'json', 'browser': '0'}
2025-11-11 23:38:31 [INFO] app_logger, pvgis.py: PVGIS response status: 200, content-type: application/json
2025-11-11 23:38:31 [INFO] app_logger, pvgis.py: PVGIS SHScalc response received successfully. Keys: ['inputs', 'outputs', 'meta']
2025-11-11 23:38:31 [INFO] app_logger, pvgis.py: Response outputs keys: ['monthly', 'totals', 'histogram']
2025-11-11 23:38:31 [INFO] app_logger, pvgis.py:   - monthly: 12 records
2025-11-11 23:38:31 [INFO] app_logger, pvgis.py:   - histogram: 10 records
2025-11-11 23:38:31 [INFO] app_logger, pvgis_router.py: SHScalc completed successfully
2025-11-11 23:38:38 [INFO] app_logger, pvgis_router.py: PVcalc request for (38.447, 27.149), power=1.0kW
2025-11-11 23:38:38 [INFO] app_logger, pvgis.py: Requesting PVGIS PVcalc with params: {'lat': 38.447, 'lon': 27.149, 'peakpower': 1.0, 'loss': 14.0, 'angle': 35.0, 'aspect': 0.0, 'startyear': 2020, 'endyear': 2020, 'outputformat': 'json', 'browser': '0'}
2025-11-11 23:38:39 [INFO] app_logger, pvgis.py: PVGIS response status: 200, content-type: application/json
2025-11-11 23:38:39 [INFO] app_logger, pvgis.py: PVGIS PVcalc response received successfully. Keys: ['inputs', 'outputs', 'meta']
2025-11-11 23:38:39 [INFO] app_logger, pvgis.py: Response outputs keys: ['monthly', 'totals']
2025-11-11 23:38:39 [INFO] app_logger, pvgis_router.py: PVcalc completed successfully
2025-11-11 23:40:43 [INFO] app_logger, logger.py: Logger initialized.
2025-11-11 23:40:43 [INFO] app_logger, config_loader.py: Configuration loaded from C:\Yilmaz\Projects\tubitak-gunes\.env
2025-11-11 23:40:44 [INFO] app_logger, pvgis_router.py: Horizon request for (38.447, 27.149)
2025-11-11 23:40:44 [INFO] app_logger, pvgis.py: Requesting PVGIS printhorizon with params: {'lat': 38.447, 'lon': 27.149, 'outputformat': 'json', 'browser': '0'}
2025-11-11 23:40:44 [INFO] app_logger, pvgis.py: PVGIS response status: 200, content-type: application/json
2025-11-11 23:40:44 [INFO] app_logger, pvgis.py: PVGIS printhorizon response received successfully. Keys: ['inputs', 'outputs', 'meta']
2025-11-11 23:40:44 [INFO] app_logger, pvgis.py: Response outputs keys: ['horizon_profile', 'winter_solstice', 'summer_solstice']
2025-11-11 23:40:44 [INFO] app_logger, pvgis.py:   - horizon_profile: 49 records
2025-11-11 23:40:44 [INFO] app_logger, pvgis.py:   - winter_solstice: 49 records
2025-11-11 23:40:44 [INFO] app_logger, pvgis.py:   - summer_solstice: 49 records
2025-11-11 23:40:44 [INFO] app_logger, pvgis_router.py: Horizon completed successfully
2025-11-11 23:40:45 [INFO] app_logger, logger.py: Logger initialized.
2025-11-11 23:40:45 [INFO] app_logger, config_loader.py: Configuration loaded from C:\Yilmaz\Projects\tubitak-gunes\.env
2025-11-11 23:41:11 [INFO] app_logger, logger.py: Logger initialized.
2025-11-11 23:41:11 [INFO] app_logger, config_loader.py: Configuration loaded from C:\Yilmaz\Projects\tubitak-gunes\.env
2025-11-11 23:41:20 [INFO] app_logger, pvgis_router.py: TMY request for (38.447, 27.149), years=2010-2020
2025-11-11 23:41:20 [INFO] app_logger, pvgis.py: Requesting PVGIS tmy with params: {'lat': 38.447, 'lon': 27.149, 'startyear': 2010, 'endyear': 2020, 'outputformat': 'json', 'browser': '0'}
2025-11-11 23:41:23 [INFO] app_logger, pvgis.py: PVGIS response status: 200, content-type: application/json
2025-11-11 23:41:23 [INFO] app_logger, pvgis.py: PVGIS tmy response received successfully. Keys: ['inputs', 'outputs', 'meta']
2025-11-11 23:41:23 [INFO] app_logger, pvgis.py: Response outputs keys: ['months_selected', 'tmy_hourly']
2025-11-11 23:41:23 [INFO] app_logger, pvgis.py:   - months_selected: 12 records
2025-11-11 23:41:23 [INFO] app_logger, pvgis.py:   - tmy_hourly: 8760 records
2025-11-11 23:41:23 [WARNING] app_logger, pvgis.py: Truncated tmy_hourly from 8760 to 1000 records for Swagger UI compatibility
2025-11-11 23:41:23 [INFO] app_logger, pvgis_router.py: TMY completed successfully
2025-11-11 23:42:52 [INFO] app_logger, logger.py: Logger initialized.
2025-11-11 23:42:52 [INFO] app_logger, config_loader.py: Configuration loaded from C:\Yilmaz\Projects\tubitak-gunes\.env
2025-11-11 23:42:54 [INFO] app_logger, logger.py: Logger initialized.
2025-11-11 23:42:54 [INFO] app_logger, config_loader.py: Configuration loaded from C:\Yilmaz\Projects\tubitak-gunes\.env
2025-11-11 23:42:56 [INFO] app_logger, logger.py: Logger initialized.
2025-11-11 23:42:57 [INFO] app_logger, config_loader.py: Configuration loaded from C:\Yilmaz\Projects\tubitak-gunes\.env
2025-11-11 23:43:27 [INFO] app_logger, logger.py: Logger initialized.
2025-11-11 23:43:27 [INFO] app_logger, config_loader.py: Configuration loaded from C:\Yilmaz\Projects\tubitak-gunes\.env
2025-11-11 23:44:03 [INFO] app_logger, logger.py: Logger initialized.
2025-11-11 23:44:03 [INFO] app_logger, config_loader.py: Configuration loaded from C:\Yilmaz\Projects\tubitak-gunes\.env
2025-11-11 23:44:13 [INFO] app_logger, logger.py: Logger initialized.
2025-11-11 23:44:13 [INFO] app_logger, config_loader.py: Configuration loaded from C:\Yilmaz\Projects\tubitak-gunes\.env
2025-11-11 23:44:29 [INFO] app_logger, logger.py: Logger initialized.
2025-11-11 23:44:29 [INFO] app_logger, config_loader.py: Configuration loaded from C:\Yilmaz\Projects\tubitak-gunes\.env
2025-11-11 23:44:35 [INFO] app_logger, logger.py: Logger initialized.
2025-11-11 23:44:35 [INFO] app_logger, config_loader.py: Configuration loaded from C:\Yilmaz\Projects\tubitak-gunes\.env
2025-11-11 23:44:42 [INFO] app_logger, logger.py: Logger initialized.
2025-11-11 23:44:42 [INFO] app_logger, config_loader.py: Configuration loaded from C:\Yilmaz\Projects\tubitak-gunes\.env
2025-11-11 23:44:50 [INFO] app_logger, pvgis_router.py: TMY request for (38.447, 27.149), years=2010-2020
2025-11-11 23:44:50 [INFO] app_logger, pvgis.py: Requesting PVGIS tmy with params: {'lat': 38.447, 'lon': 27.149, 'startyear': 2010, 'endyear': 2020, 'outputformat': 'json', 'browser': '0'}
2025-11-11 23:44:53 [INFO] app_logger, pvgis.py: PVGIS response status: 200, content-type: application/json
2025-11-11 23:44:53 [INFO] app_logger, pvgis.py: PVGIS tmy response received successfully. Keys: ['inputs', 'outputs', 'meta']
2025-11-11 23:44:53 [INFO] app_logger, pvgis.py: Response outputs keys: ['months_selected', 'tmy_hourly']
2025-11-11 23:44:53 [INFO] app_logger, pvgis.py:   - months_selected: 12 records
2025-11-11 23:44:53 [INFO] app_logger, pvgis.py:   - tmy_hourly: 8760 records
2025-11-11 23:44:53 [WARNING] app_logger, response_utils.py: Truncated outputs.tmy_hourly from 8760 to 1000 records for client compatibility
2025-11-11 23:44:53 [INFO] app_logger, pvgis_router.py: TMY completed successfully
2025-11-11 23:45:41 [INFO] app_logger, pvgis_router.py: TMY request for (38.447, 27.149), years=2010-2020
2025-11-11 23:45:41 [INFO] app_logger, pvgis.py: Requesting PVGIS tmy with params: {'lat': 38.447, 'lon': 27.149, 'startyear': 2010, 'endyear': 2020, 'outputformat': 'json', 'browser': '0'}
2025-11-11 23:45:43 [INFO] app_logger, pvgis.py: PVGIS response status: 200, content-type: application/json
2025-11-11 23:45:43 [INFO] app_logger, pvgis.py: PVGIS tmy response received successfully. Keys: ['inputs', 'outputs', 'meta']
2025-11-11 23:45:43 [INFO] app_logger, pvgis.py: Response outputs keys: ['months_selected', 'tmy_hourly']
2025-11-11 23:45:43 [INFO] app_logger, pvgis.py:   - months_selected: 12 records
2025-11-11 23:45:43 [INFO] app_logger, pvgis.py:   - tmy_hourly: 8760 records
2025-11-11 23:45:43 [WARNING] app_logger, response_utils.py: Truncated outputs.tmy_hourly from 8760 to 1000 records for client compatibility
2025-11-11 23:45:43 [INFO] app_logger, pvgis_router.py: TMY completed successfully
2025-11-11 23:46:45 [INFO] app_logger, logger.py: Logger initialized.
2025-11-11 23:46:45 [INFO] app_logger, config_loader.py: Configuration loaded from C:\Yilmaz\Projects\tubitak-gunes\.env
2025-11-11 23:46:48 [INFO] app_logger, logger.py: Logger initialized.
2025-11-11 23:46:48 [INFO] app_logger, config_loader.py: Configuration loaded from C:\Yilmaz\Projects\tubitak-gunes\.env
2025-11-11 23:46:58 [INFO] app_logger, pvgis_router.py: TMY request for (38.447, 27.149), years=2010-2020
2025-11-11 23:46:58 [INFO] app_logger, pvgis.py: Requesting PVGIS tmy with params: {'lat': 38.447, 'lon': 27.149, 'startyear': 2010, 'endyear': 2020, 'outputformat': 'json', 'browser': '0'}
2025-11-11 23:47:00 [INFO] app_logger, pvgis.py: PVGIS response status: 200, content-type: application/json
2025-11-11 23:47:00 [INFO] app_logger, pvgis.py: PVGIS tmy response received successfully. Keys: ['inputs', 'outputs', 'meta']
2025-11-11 23:47:00 [INFO] app_logger, pvgis.py: Response outputs keys: ['months_selected', 'tmy_hourly']
2025-11-11 23:47:00 [INFO] app_logger, pvgis.py:   - months_selected: 12 records
2025-11-11 23:47:00 [INFO] app_logger, pvgis.py:   - tmy_hourly: 8760 records
2025-11-11 23:47:00 [WARNING] app_logger, response_utils.py: Truncated outputs.tmy_hourly from 8760 to 500 records for client compatibility
2025-11-11 23:47:00 [INFO] app_logger, pvgis_router.py: TMY completed successfully
2025-11-11 23:47:24 [INFO] app_logger, pvgis_router.py: Seriescalc request for (38.447, 27.149), years=2020-2020
2025-11-11 23:47:24 [INFO] app_logger, pvgis.py: Requesting PVGIS seriescalc with params: {'lat': 38.447, 'lon': 27.149, 'startyear': 2020, 'endyear': 2020, 'angle': 35.0, 'aspect': 0.0, 'outputformat': 'json', 'browser': '0'}
2025-11-11 23:47:26 [INFO] app_logger, pvgis.py: PVGIS response status: 200, content-type: application/json
2025-11-11 23:47:26 [INFO] app_logger, pvgis.py: PVGIS seriescalc response received successfully. Keys: ['inputs', 'outputs', 'meta']
2025-11-11 23:47:26 [INFO] app_logger, pvgis.py: Response outputs keys: ['hourly']
2025-11-11 23:47:26 [INFO] app_logger, pvgis.py:   - hourly: 8784 records
2025-11-11 23:47:26 [WARNING] app_logger, response_utils.py: Truncated outputs.hourly from 8784 to 500 records for client compatibility
2025-11-11 23:47:26 [INFO] app_logger, pvgis_router.py: Seriescalc completed successfully
2025-11-11 23:51:37 [INFO] app_logger, logger.py: Logger initialized.
2025-11-11 23:51:37 [INFO] app_logger, config_loader.py: Configuration loaded from C:\Yilmaz\Projects\tubitak-gunes\.env
2025-11-11 23:52:21 [INFO] app_logger, logger.py: Logger initialized.
2025-11-11 23:52:21 [INFO] app_logger, config_loader.py: Configuration loaded from C:\Yilmaz\Projects\tubitak-gunes\.env
2025-11-11 23:52:23 [INFO] app_logger, logger.py: Logger initialized.
2025-11-11 23:52:23 [INFO] app_logger, config_loader.py: Configuration loaded from C:\Yilmaz\Projects\tubitak-gunes\.env
2025-11-11 23:52:25 [INFO] app_logger, logger.py: Logger initialized.
2025-11-11 23:52:25 [INFO] app_logger, config_loader.py: Configuration loaded from C:\Yilmaz\Projects\tubitak-gunes\.env
2025-11-11 23:52:27 [INFO] app_logger, logger.py: Logger initialized.
2025-11-11 23:52:27 [INFO] app_logger, config_loader.py: Configuration loaded from C:\Yilmaz\Projects\tubitak-gunes\.env
2025-11-11 23:52:29 [INFO] app_logger, logger.py: Logger initialized.
2025-11-11 23:52:29 [INFO] app_logger, config_loader.py: Configuration loaded from C:\Yilmaz\Projects\tubitak-gunes\.env
2025-11-11 23:52:44 [INFO] app_logger, logger.py: Logger initialized.
2025-11-11 23:52:44 [INFO] app_logger, config_loader.py: Configuration loaded from C:\Yilmaz\Projects\tubitak-gunes\.env
2025-11-11 23:53:26 [INFO] app_logger, logger.py: Logger initialized.
2025-11-11 23:53:26 [INFO] app_logger, config_loader.py: Configuration loaded from C:\Yilmaz\Projects\tubitak-gunes\.env
2025-11-11 23:53:37 [INFO] app_logger, pvgis_router.py: Horizon request for (38.447, 27.149)
2025-11-11 23:53:37 [INFO] app_logger, pvgis.py: Requesting PVGIS printhorizon with params: {'lat': 38.447, 'lon': 27.149, 'outputformat': 'json', 'browser': '0'}
2025-11-11 23:53:38 [INFO] app_logger, pvgis.py: PVGIS response status: 200, content-type: application/json
2025-11-11 23:53:38 [INFO] app_logger, pvgis.py: PVGIS printhorizon response received successfully. Keys: ['inputs', 'outputs', 'meta']
2025-11-11 23:53:38 [INFO] app_logger, pvgis.py: Response outputs keys: ['horizon_profile', 'winter_solstice', 'summer_solstice']
2025-11-11 23:53:38 [INFO] app_logger, pvgis.py:   - horizon_profile: 49 records
2025-11-11 23:53:38 [INFO] app_logger, pvgis.py:   - winter_solstice: 49 records
2025-11-11 23:53:38 [INFO] app_logger, pvgis.py:   - summer_solstice: 49 records
2025-11-11 23:53:38 [INFO] app_logger, pvgis_router.py: Horizon completed successfully
2025-11-11 23:54:08 [INFO] app_logger, pvgis_router.py: PVcalc request for (38.447, 27.149), power=1.0kW
2025-11-11 23:54:08 [INFO] app_logger, pvgis.py: Requesting PVGIS PVcalc with params: {'lat': 38.447, 'lon': 27.149, 'peakpower': 1.0, 'loss': 14.0, 'angle': 35.0, 'aspect': 0.0, 'startyear': 2020, 'endyear': 2020, 'outputformat': 'json', 'browser': '0'}
2025-11-11 23:54:09 [INFO] app_logger, pvgis.py: PVGIS response status: 200, content-type: application/json
2025-11-11 23:54:09 [INFO] app_logger, pvgis.py: PVGIS PVcalc response received successfully. Keys: ['inputs', 'outputs', 'meta']
2025-11-11 23:54:09 [INFO] app_logger, pvgis.py: Response outputs keys: ['monthly', 'totals']
2025-11-11 23:54:09 [INFO] app_logger, pvgis_router.py: PVcalc completed successfully
2025-11-11 23:54:58 [INFO] app_logger, logger.py: Logger initialized.
2025-11-11 23:54:58 [INFO] app_logger, config_loader.py: Configuration loaded from C:\Yilmaz\Projects\tubitak-gunes\.env
2025-11-11 23:55:00 [INFO] app_logger, logger.py: Logger initialized.
2025-11-11 23:55:00 [INFO] app_logger, config_loader.py: Configuration loaded from C:\Yilmaz\Projects\tubitak-gunes\.env
2025-11-11 23:55:02 [INFO] app_logger, logger.py: Logger initialized.
2025-11-11 23:55:02 [INFO] app_logger, config_loader.py: Configuration loaded from C:\Yilmaz\Projects\tubitak-gunes\.env
2025-11-11 23:55:04 [INFO] app_logger, logger.py: Logger initialized.
2025-11-11 23:55:04 [INFO] app_logger, config_loader.py: Configuration loaded from C:\Yilmaz\Projects\tubitak-gunes\.env
2025-11-11 23:55:06 [INFO] app_logger, logger.py: Logger initialized.
2025-11-11 23:55:06 [INFO] app_logger, config_loader.py: Configuration loaded from C:\Yilmaz\Projects\tubitak-gunes\.env
2025-11-11 23:55:23 [INFO] app_logger, logger.py: Logger initialized.
2025-11-11 23:55:23 [INFO] app_logger, config_loader.py: Configuration loaded from C:\Yilmaz\Projects\tubitak-gunes\.env
2025-11-11 23:55:27 [INFO] app_logger, logger.py: Logger initialized.
2025-11-11 23:55:27 [INFO] app_logger, config_loader.py: Configuration loaded from C:\Yilmaz\Projects\tubitak-gunes\.env
2025-11-11 23:55:40 [INFO] app_logger, pvgis_router.py: TMY request for (38.447, 27.149), years=2010-2020
2025-11-11 23:55:40 [INFO] app_logger, pvgis.py: Requesting PVGIS tmy with params: {'lat': 38.447, 'lon': 27.149, 'raddatabase': 'PVGIS-SARAH', 'startyear': 2010, 'endyear': 2020, 'outputformat': 'json', 'browser': '0'}
2025-11-11 23:55:41 [INFO] app_logger, pvgis.py: PVGIS response status: 400, content-type: application/json
2025-11-11 23:55:41 [ERROR] app_logger, pvgis_router.py: Runtime error in TMY: Error in TMY: HTTP error from PVGIS API: 400 Client Error: BAD REQUEST for url: https://re.jrc.ec.europa.eu/api/v5_2/tmy?lat=38.447&lon=27.149&raddatabase=PVGIS-SARAH&startyear=2010&endyear=2020&outputformat=json&browser=0
Traceback (most recent call last):
  File "C:\Yilmaz\Projects\tubitak-gunes\api\app\services\pvgis.py", line 52, in _make_request
    response.raise_for_status()
    ~~~~~~~~~~~~~~~~~~~~~~~~~^^
  File "C:\Yilmaz\Projects\tubitak-gunes\.venv\Lib\site-packages\requests\models.py", line 1021, in raise_for_status
    raise HTTPError(http_error_msg, response=self)
requests.exceptions.HTTPError: 400 Client Error: BAD REQUEST for url: https://re.jrc.ec.europa.eu/api/v5_2/tmy?lat=38.447&lon=27.149&raddatabase=PVGIS-SARAH&startyear=2010&endyear=2020&outputformat=json&browser=0

The above exception was the direct cause of the following exception:

Traceback (most recent call last):
  File "C:\Yilmaz\Projects\tubitak-gunes\api\app\services\pvgis.py", line 186, in tmy
    return PVGISService._make_request("tmy", params)
           ~~~~~~~~~~~~~~~~~~~~~~~~~~^^^^^^^^^^^^^^^
  File "C:\Yilmaz\Projects\tubitak-gunes\api\app\services\pvgis.py", line 94, in _make_request
    raise RuntimeError(f"HTTP error from PVGIS API: {str(e)}") from e
RuntimeError: HTTP error from PVGIS API: 400 Client Error: BAD REQUEST for url: https://re.jrc.ec.europa.eu/api/v5_2/tmy?lat=38.447&lon=27.149&raddatabase=PVGIS-SARAH&startyear=2010&endyear=2020&outputformat=json&browser=0

The above exception was the direct cause of the following exception:

Traceback (most recent call last):
  File "C:\Yilmaz\Projects\tubitak-gunes\api\app\routers\pvgis_router.py", line 202, in typical_meteorological_year
    result = PVGISService.tmy(request)
  File "C:\Yilmaz\Projects\tubitak-gunes\api\app\services\pvgis.py", line 189, in tmy
    raise RuntimeError(f"Error in TMY: {str(e)}") from e
RuntimeError: Error in TMY: HTTP error from PVGIS API: 400 Client Error: BAD REQUEST for url: https://re.jrc.ec.europa.eu/api/v5_2/tmy?lat=38.447&lon=27.149&raddatabase=PVGIS-SARAH&startyear=2010&endyear=2020&outputformat=json&browser=0
2025-11-11 23:57:04 [INFO] app_logger, logger.py: Logger initialized.
2025-11-11 23:57:04 [INFO] app_logger, config_loader.py: Configuration loaded from C:\Yilmaz\Projects\tubitak-gunes\.env
2025-11-11 23:57:06 [INFO] app_logger, logger.py: Logger initialized.
2025-11-11 23:57:06 [INFO] app_logger, config_loader.py: Configuration loaded from C:\Yilmaz\Projects\tubitak-gunes\.env
2025-11-11 23:57:21 [INFO] app_logger, logger.py: Logger initialized.
2025-11-11 23:57:21 [INFO] app_logger, config_loader.py: Configuration loaded from C:\Yilmaz\Projects\tubitak-gunes\.env
2025-11-11 23:57:37 [INFO] app_logger, logger.py: Logger initialized.
2025-11-11 23:57:37 [INFO] app_logger, config_loader.py: Configuration loaded from C:\Yilmaz\Projects\tubitak-gunes\.env
2025-11-11 23:57:44 [INFO] app_logger, pvgis_router.py: TMY request for (38.447, 27.149), years=2010-2020
2025-11-11 23:57:44 [INFO] app_logger, pvgis.py: Requesting PVGIS tmy with params: {'lat': 38.447, 'lon': 27.149, 'raddatabase': 'PVGIS-SARAH2', 'startyear': 2010, 'endyear': 2020, 'outputformat': 'json', 'browser': '0'}
2025-11-11 23:57:47 [INFO] app_logger, pvgis.py: PVGIS response status: 200, content-type: application/json
2025-11-11 23:57:47 [INFO] app_logger, pvgis.py: PVGIS tmy response received successfully. Keys: ['inputs', 'outputs', 'meta']
2025-11-11 23:57:47 [INFO] app_logger, pvgis.py: Response outputs keys: ['months_selected', 'tmy_hourly']
2025-11-11 23:57:47 [INFO] app_logger, pvgis.py:   - months_selected: 12 records
2025-11-11 23:57:47 [INFO] app_logger, pvgis.py:   - tmy_hourly: 8760 records
2025-11-11 23:57:47 [WARNING] app_logger, response_utils.py: Truncated outputs.tmy_hourly from 8760 to 500 records for client compatibility
2025-11-11 23:57:47 [INFO] app_logger, pvgis_router.py: TMY completed successfully
